module T060
 
--- Imports:
 
--- Type defs:
type T060.Main = { ex1: bool
                 }
 
--- Rules:
 
T060.Main : Grammar T060.Main =
  do SetStream (arrayStream "array" [1,
                                     2])
     (ex1 : bool) <- do (_2 : uint 8) <- Match UInt8
                        case _2 is
                          { 1 -> {- case branch  1 -} pure true
                          ; 2 -> {- case branch  2 -} pure false
                          }
     pure {ex1 = ex1}
 
T060._Main : Grammar {} =
  do SetStream (arrayStream "array" [1,
                                     2])
     (_2 : uint 8) <- Match UInt8
     case _2 is
       { 1 -> {- case branch  1 -} pure {}
       ; 2 -> {- case branch  2 -} pure {}
       }
