--- Found 1 results:
{ one: { x: 1[16]
       , y: 1[16]
       }
, two: { x: 256[16]
       , y: 256[16]
       }
}
