Stack:
    *
    Main callsite __START__
Start: Main (12,5)-(12,7)
SlkCfg{ q:72, ctrl:[?, *], sem:[?, ], inp:--- }
DTrans [
  ( [(9),]
  , EndInput
  , Resolution (NotAmbiguous)
  ),
]

Stack:
    *
Start: Main (7,1)-(13,3)
SlkCfg{ q:1, ctrl:[*], sem:[*], inp:--- }
DTrans [
  ( [(19),(15),]
  , HeadInput ['a']
  , DTrans [
      ( [(9),(9),]
      , HeadInput ['b']
      , DTrans [
          ( [(9),(10),]
          , HeadInput ['c']
          , DTrans [
              ( [(11),]
              , HeadInput ['d']
              , Resolution (NotAmbiguous)
              ),
              ( [(9),]
              , EndInput
              , Resolution (NotAmbiguous)
              ),
            ]
          ),
        ]
      ),
    ]
  ),
]

Stack:
    *
Start: __START__
SlkCfg{ q:0, ctrl:[*], sem:[?, *], inp:--- }
DTrans [
  ( [(0),]
  , AcceptingPath
  , NotAmbiguous
  ),
]

**********************
***** Strict LLA *****
**********************
("Lookahead-0",1)
("Lookahead-1",1)
("Lookahead-4",1)

Total nb DFAs: 3

SUCCESS: Fully determinized format
