**********************************
***** Strict LLA Transitions *****
**********************************
Stack:
    *
    Main callsite __START__
Start: Main (28,10)-(28,41)
SlkCfg{ q:180, ctrl:[?, *], sem:[?, ], inp:---[2..] }
AbortDFAIncompatibleInput


Stack:
    *
Start: Main (26,1)-(30,3)
SlkCfg{ q:1, ctrl:[*], sem:[*], inp:--- }
DTrans [
  ( [(38),(38),]
  , HeadInput ['a']
  , DTrans [
      ( [(26),]
      , HeadInput ['b']
      , Resolution (NotAmbiguous)
      ),
      ( [(26),]
      , HeadInput ['c']
      , Resolution (NotAmbiguous)
      ),
    ]
  ),
]

**********************
**** Extended LLA ****
**********************
("AbortDFAIncompatibleInput",8)
("DataDepTrans",11)
("Lookahead-0",2)
("Lookahead-1",11)
("Lookahead-2",3)

Total nb states: 35

**********************
***** Strict LLA *****
**********************
("AbortDFAIncompatibleInput",1)
("Lookahead-2",1)

Total nb DFAs: 2


Warning: LL(*) failures:

Stack:
    *
    Main callsite __START__
Start: Main (28,10)-(28,41)
SlkCfg{ q:180, ctrl:[?, *], sem:[?, ], inp:---[2..] }
AbortDFAIncompatibleInput


