module D024
 
--- Imports:
 
--- Type defs:
 
--- Rules:
 
D024.A : Grammar (uint 8) =
  Choose biased
    { do ($$ : uint 8) <- Match {0xFF}
         @Match {0x00}
         pure $$
    | Match (!{0xFF})
    }
 
D024.Main : Grammar (uint 8) =
  do ($$ : uint 8) <- D024.A
     pure $$
 
D024.A_4 : Grammar {} =
  Choose biased
    { do @Match {0xFF}
         @Match {0x00}
    | @Match (!{0xFF})
    }
 
D024.Main_5 : Grammar {} =
  D024.A_4
