context:
  "Main"
input: File context:
Length: 2 (0x2) bytes
0000:   30 [1;91m30[0m                                     0[1;91m0[0m

