module P002
 
--- Imports:
 
--- Type defs:
 
--- Rules:
 
P002.Main : Grammar (uint 8) =
  do ($$ : uint 8) <- Match {'0'}
     @Match {'0'}
     pure $$
 
P002.Main_ : Grammar {} =
  do @Match {'0'}
     @Match {'0'}
