context:
  "Main"
input: File context:
Length: 2 (0x2) bytes
0000:   30 [1;91m31[0m                                     0[1;91m1[0m

