module P010
 
--- Imports:
 
--- Type defs:
type P010.Main = { x: uint 8
                 ; y: uint 8
                 }
 
--- Rules:
 
P010.Main : Grammar P010.Main =
  do (x : uint 8) <- Match UInt8
     (y : uint 8) <- Match UInt8
     pure {x = x,
           y = y}
 
P010.Main_3 : Grammar {} =
  do @Match UInt8
     @Match UInt8
