--- Found 1 results:
{ w1: "qwer"
, w2: "asvf"
, w3: "asdsdf"
, w4: "asd"
}
