--- Found 1 results:
{ res: { x: "aaaa"
       , y: "cccc"
       }
}
