--- Found 1 results:
{ res: { x: "aaaaa"
       , y: "ccccc"
       , z: "ccccc"
       }
}
