[WARNING] ./P034.ddl:10:9--13:5:
            Using unbiased choice may be inefficient.
--- Found 2 results:
{ a: 'a'
, t: {x : "a"}
}
 
{ a: 'a'
, t: {y : "b"}
}
