--- Found 1 results:
{ m: "BA"
, n: [ "BA"
     , "BA"
     ]
}
