module D003
 
--- Imports:
 
--- Type defs:
 
--- Rules:
 
D003.Main : Grammar [uint 8] =
  do ($$ : [uint 8]) <- Many[] Match {'0'}
     END
     pure $$
 
D003._Main : Grammar {} =
  do @Many[] @Match {'0'}
     END
